../Core/Src/main.c:64:6:test	8	static
../Core/Src/main.c:73:6:ex1	8	static
../Core/Src/main.c:90:6:ex2	8	static
../Core/Src/main.c:113:6:ex3	8	static
../Core/Src/main.c:146:6:display7SEG_1	16	static
../Core/Src/main.c:248:6:display7SEG_2	16	static
../Core/Src/main.c:350:6:ex4	8	static
../Core/Src/main.c:356:6:ex5	8	static
../Core/Src/main.c:401:5:main	8	static
../Core/Src/main.c:446:6:SystemClock_Config	72	static
../Core/Src/main.c:483:13:MX_GPIO_Init	32	static
../Core/Src/main.c:537:6:Error_Handler	4	static,ignoring_inline_asm
