../Core/Src/main.c:87:6:display7SEG	16	static
../Core/Src/main.c:189:6:ex1	8	static
../Core/Src/main.c:207:6:ex2	8	static
../Core/Src/main.c:263:6:update7SEG	16	static
../Core/Src/main.c:297:6:ex3	8	static
../Core/Src/main.c:307:6:ex4	8	static
../Core/Src/main.c:329:6:updateClockBuffer	4	static
../Core/Src/main.c:335:6:ex7	8	static
../Core/Src/main.c:350:6:ex8	8	static
../Core/Src/main.c:374:6:clearAllMatrix	16	static
../Core/Src/main.c:380:6:updateLEDMatrix	24	static
../Core/Src/main.c:391:6:ex9	8	static
../Core/Src/main.c:400:6:shiftLeft	16	static
../Core/Src/main.c:406:6:ex10	8	static
../Core/Src/main.c:419:5:main	16	static
../Core/Src/main.c:481:6:SystemClock_Config	72	static
../Core/Src/main.c:520:13:MX_TIM2_Init	32	static
../Core/Src/main.c:565:13:MX_GPIO_Init	32	static
../Core/Src/main.c:619:6:HAL_TIM_PeriodElapsedCallback	16	static
../Core/Src/main.c:628:6:Error_Handler	4	static,ignoring_inline_asm
