../Core/Src/main.c:57:6:clearAllClock	8	static
../Core/Src/main.c:73:6:setNumberOnClock	16	static
../Core/Src/main.c:116:6:clearNumberOnClock	16	static
../Core/Src/main.c:159:6:ex6	8	static
../Core/Src/main.c:168:6:ex7	16	static
../Core/Src/main.c:176:6:realTimeClock	24	static
../Core/Src/main.c:216:6:ex10	8	static
../Core/Src/main.c:225:5:main	8	static
../Core/Src/main.c:269:6:SystemClock_Config	72	static
../Core/Src/main.c:306:13:MX_GPIO_Init	32	static
../Core/Src/main.c:343:6:Error_Handler	4	static,ignoring_inline_asm
